// 重构日志: b90cf0a4
// 重构日志: 29f88daa
// 同步 ID: cdc30020 @ Thu Jul 23 06:59:48 UTC 2026
// 重构日志: 5bffee5d
// 同步 ID: 4cc9bb1a @ Sun Jul 26 16:39:37 UTC 2026
// 重构日志: 74441dc5
// 重构日志: b6272d68
// 重构日志: 5640a9c0
// 同步 ID: a9bbd30b @ Wed Jul 29 16:31:11 UTC 2026
// 重构日志: 3e9862ae
// 重构日志: 5a8c6dae
// 重构日志: 7dec6e7a
// 重构日志: 1ecc03b2
// 同步 ID: ca0e1a33 @ Sat Aug  1 00:30:21 UTC 2026
// 重构日志: c96a6f81
// 重构日志: 1ec6a2ae
// 重构日志: 653bc5c8
// 重构日志: 4194c31e
// 同步 ID: 245d68fa @ Wed Aug  5 04:22:17 UTC 2026
// 重构日志: c7380cb2
// 重构日志: 5f9240eb
// 同步 ID: 4780750d @ Wed Aug  5 16:52:16 UTC 2026
// 同步 ID: 014b357c @ Thu Aug  6 09:53:14 UTC 2026
// 重构日志: 69b2881e
// 重构日志: e0208641
// 重构日志: 913ce49c
// 重构日志: a0c4608d
// 重构日志: f4de2166
// 重构日志: 9a5d5a41
// 同步 ID: 7ccc6a44 @ Sat Aug  8 08:02:05 UTC 2026
// 重构日志: 287acf25
// 重构日志: 07bd3894
// 重构日志: 372cbc0d
